y o u
j u s t
a n d
w e
w e
w e
b u t
i t
a l l
a n d
t o g e t h e r
a n d
t h e
i t
a n d
n o
a n d
w h e n
n o w
o n e
i t
e a c h
a n d
t h e y
w h a t
a n d
a n d
b e
a n d
s o
n o w
t a k e
t h i s
t h e y
a l l
t h e y
o r
i n
t h e y
s h e
b u t
t h e y
e i g h t y
w e
b u t
t h e i r
i n
t o
i n
i t
i f
c h r i s t i a n i t y
a
b u t
t h e
t h e
< u n k >
w e
a n d
l o o k
w e l l
a n d
i n
b y
t h e
a n d
a t
i t
t h e y
n o w
w h e n e v e r
s o
i t
n o w
i t
w h e t h e r
t h e
i
t h a t
n o w
i t
t h i s
w h a t
a n d
i f
t h i s
t h e r e
i
b u t
t h e y
n o w
h o w
w e
b u t
s o
t h i s
a n d
i
w e l l
w e l l
n o w
s o
a l l
a n d
t h e
i t
a n d
o r
y o u
a n d
i
t h e
t h e
h i s
h i s
h e
t h e
o n e
t h e
a n d
m a r g a r e t
a n d
t h e
t h e
n o w
i f
a n d
h e r e
t h e
t h e
t h e
n o w
t h e
t h e
h e
h e
h e
s o
a n d
t h e
i t
i t
a n
a n d
t h e y
t h e y
w h a t
w e
< u n k >
o u r
a n d
t h a n k
w h a t
w e
a n d
m o s t
i t
t h i s
t h i s
t o
m a y b e
i
t h i s
e v e r y
a n d
w e
w e
i f
o r
a n d
w e
a n d
a n d
b u t
< u n k >
n o w
n o w
t h i s
o n e
a n d
s o
a n d
b u t
t h e
i
t h e r e
i
w e
t h i s
s o
a n d
s u r e
i
i
a n d
m a n y
t h e r e
t h i s
w e
t h e
a l l
t h e y
l o o k
a n d
t h e i r
i f
a n d
t h a n k
d o
y e a h
i f
a n d
a n d
a s
b u t
t h e n
b l a i s e
t h a n k
i
i
t h e
t h e
t h e
t h e
w h e n
t h e
t h e
t h i s
a n d
i
t h i s
i
t h e r e
s o
a n d
w e
t h e y
i n
t h e r e
t h e y
o n e
t h e s e
w e
t h e s e
m y
a n d
a n d
n o w
t h e
i t
i n
h e a l t h
i n s t e a d
a
d o e s
a n d
t h e
w h a t
a n d
t h e
t h e
t h e r e
w h y
t h e
s o m e t h i n g
w e
a n d
t h a t
a n d
t h e
t o d a y
i
a n d
i t
s h o u l d
t h e s e
a n d
a n d
w o r k
t h e r e
i
s o
w e
a n d
s h o u l d
a n d
e v e r y w h e r e
a n d
s o
a n d
a n d
t h e
w e
a l l
a
w i t h
i
o n e
a n d
t h e y
b e c a u s e
a n d
n o w
b y
p a r a l y s i s
a n d
y o u
t h e y
s o
a n d
o n e
t h e
s e c o n d l y
d a n
w e l l
h e r e
b u t
h e r e
v e r y
c l a s s i c
w h a t
e v e r y b o d y
i
a n d
< u n k >
a n d
h e r e
n o w
h e
b u t
a n d
t h i r d
t h i s
i
a n d
s o
a n d
d o
d o
y o u
m y
h e
i
b u t
w h y
t h e
i
w h e n
a n d
a n d
t h e
a n d
n o b o d y
t h e
t h e
n o w
t h e y
t h e
i
i
b u t
f i n a l l y
i f
i t
t h e y
w i t h
a n d
b u t
i
a n d
s o
t h i s
t h e r e
t h e r e
i
n o w
t h e r e
y o u r
s o
a n d
s o
t h e y
t h e y
w h e n
e c o n o m i s t s
a n d
i n
y o u
< u n k >
t h e
b e c a u s e
i f
t h e y
e v e r y b o d y
t h i s
b u t
t h a n k
y o u
i n
w e
w h a t
w e
w e
n o w
t h i s
w e
b u t
s o
a n d
s o
a n d
a
o u r
o u r
w e
i t
i t
t h e r e
s o
t h i s
i t
w e
t h e
t h e
r e c e n t l y
t h e y
s o
b u t
d e s i g n
w h e n
w e
p a r t
w e
y o u
t h i n k
< u n k >
s o
w e
s o m e
w e
a n d
i n
w e
s o
i f
w e
h e r e
y o u
1 2
w e
t h e s e
i
i n
h e r e
t h i s
i t
t h a t
t h i s
t h i s
i t
i f
w e l l
o b v i o u s l y
i t
i n
w e
t h e
i n
t h i s
w e
s o
t h e r e
t h e
i t
i t
a n d
a l l
i t
n o w
a n d
w h y
i
w e
i n
t o d a y
w e
i t
w e
i f
t h e n
w e
t h e
w e
w e
w e
i f
a n d
t h i s
y o u
w e
t h e y
w e
b u t
a n d
s u n l i g h t
b u t
t h i s
h e
i t
w e
w i t h i n
y o u
b u t
y o u
i
t h i s
w e
a t
a n d
s o
h i s
i t
t h i s
w e
i
t h i s
o n
a n d
i t
i t
i n
i
i t
a b o u t
t h e s e
w e l l
y o u
a t
i n
a n d
t h i s
n o w
s o
a n d
w e
t h e y
b y
w e
n o w
i
i
t h a n k
i
w r i t i n g
i t
a n d
b u t
t h i s
t h e
s e r i o u s l y
f o r
d i d
o k a y
i t
p e o p l e
d i d
d i d
t h a t
t h e
y e a h
a n d
a n d
l i k e
b u t
i s
i s
a n d
m y
i n
i t
b u t
w e
a l l
a n d
n o r m a n
a
b u t
s o
f e e l
i
a n d
i
a n d
t h a t
i
a n d
i
o h
t h e s e
i
s o
s o
s o m e h o w
w h i l e
t h i s
p l e a s e
b u t
t h e y
t h e
f r o m
t h e
t h a t
t h e y
t h i s
a n d
t h e
i f
i f
e v e r y b o d y
s o
a n d
i t
f o r
i
y o u
i t
t h e
i
a n d
c a n
p e r h a p s
m a y b e
m a y b e
a n d
i
b u t
w h y
b e c a u s e
o n e
i n
i
s h e
t h e
s h e
t h e y
s h e
i n
a n d
s o
s h e
s o
a n d
t h i s
i
b u t
a n d
i
w h a t
a n d
f o r
w e
b u t
h e
h e
s o
i
b u t
h e
h e
i
i f
i f
g o
h i s
n o t
b u t
i t
w h e n
t h i s
n o t
i
b u t
s o
i
b e c a u s e
s o
o k a y
i
a n d
b e c a u s e
t h e s e
b u t
a n d
i t
a n d
i t
w h e n
t h e y
i s
i n t e r e s t i n g
w h e n
a n d
b u t
h e
a n d
t h a t
t h i s
b u t
i f
i f
s o
w h a t
i t
j u s t
i t
i f
w h e n
a n d
a n d
i
< u n k >
t h a n k
t h a n k
< u n k >
l a s t
b u t
i n
t h e y
t h e
t h e
a s
t h i s
i n
t h i s
c o m p a r e d
a l r e a d y
p r o f e s s o r
w o w
y o u
a n d
t h i s
b u t
t h i s
i f
t h e s e
o n
l a s t
a n d
t h i s
i n
4 0
i n
t h e
b u t
i n
t h i s
a n d
t h i s
a n d
f o u r
t h i s
i f
i n
i f
t h e
o i l
t h e
a n d
b u t
h e r e
t h e r e
a n d
t h i s
a n d
t h e y
t h i s
t h i s
o n e
< u n k >
i t
< u n k >
h e
t h i s
t h e
s o
s o
t h i s
i n
s o
t h e
w e
s o
s h e
< u n k >
s o
f a n t a s t i c
b u t
a n d
l o o k
f i n a l l y
a m e r i c a
t h e
b u t
< u n k >
a
f i n a l l y
< u n k >
t h i s
i t
o n e
t h e
n e w
< u n k >
t h e r e
i f
w e
t h a n k
i
w h i l e
t h e
a s
t h i s
i n
y o u
m o r e
a n d
a n d
i
t h i s
a n d
s o
i f
a n d
a n d
i n
i f
t h e r e
t h i s
t h i s
b a s i c a l l y
t h e n
t h a n k
t h e s e
t h e y
a
e v e r y t h i n g
h e r e
t h a t
i t
s o
t h i s
w e
t h i s
h e
h e r e
t h e
n o w
t h e
g o o d
b y
. . .
h e l l o
i t
f l y i n g
s o
e a c h
a n d
a n d
t h e r e
y o u
a n d
s o
w e
n o w
n o w
a n d
i
a n d
i
a n d
a n d
t h a n k
s o
a n d
t h e
t h a n k
i
y e a h
i
y e a h
i
i
s o
s o
i
e x t r e m e l y
t h e r e
n o w
t h e n
a n d
a n d
s o
m o s t
c o m p u t e r s
t h a t
a n d
a n d
a n d
a n d
a n d
b u t
i t
t h e r e
t h i s
b u t
a n d
t h i s
t h e y
a n d
h e r e
c h i l d r e n
h e r e
i t
s o
a
a n d
a n d
a n d
s o
y o u
o r
a n d
i t
a n d
s o
i
n o w
t h e
a n d
a n d
b u t
t h e
a n d
a n d
a n d
a n d
s o
s o
a n d
a n d
s o
y e a h
a
t h i s
t h i s
y o u
a n d
a n d
s o
a n d
h e
s o
t h e n
i t
a n o t h e r
s o
s o
a n d
a n d
s o
a n d
i
b u t
s o
a
< u n k >
y o u
s o
b u t
a n d
a
a n d
a n d
s o
a n d
b e c a u s e
b e c a u s e
a n d
a n d
a n d
a n d
s o
a n d
t h e s e
t h i s
a n d
i
s o
a n d
a n d
a n d
l i k e
a n d
a n d
a n d
a n d
n o w
t h a n k
t h a t
y e s
h o w
t h i s
a n d
i
a n d
w h a t
i
w e
t o
t h i s
i
t h e
a n d
w e
t h e
s o
i
h o w
w e
t h e y
a n d
t h e y
f a n t a s t i c
a n d
a n d
t h e y
o r
t h e y
t h e
a n d
i n
a n d
t h e
y e s
t h e
s o
w h a t
a n d
b u t
t h e
< u n k >
a n d
t h e
t h a t
n o w
n o
t h i s
b u t
i
a n d
a n d
a n d
y o u
t h e y
t h e y
a n d
t h e
t h a t
a n d
w h y
a n y w a y
w h a t
t h i s
w e
s o
a n d
t h e
s o
s o
b r u c e
l e t
f r o m
w h a t
t h e n
a n d
s o
w e
w e
w e
w e
a n d
w h a t
w e
t h e
w e
a n d
b u t
i t
i
t h e r e
s o
a n o t h e r
s o
a n d
t h e s e
a l l
i
a n d
m a y b e
a n d
s o
w h a t
a n d
a n y w a y
t h i s
a n d
a n d
i
y o u
a n d
a n d
a n d
o h
o f
a n d
s o
t h a n k
y e a h
i
t h a t
i
b u t
y e s
i
t h i s
i f
a n d
a
n o w
a n d
a n d
s o
m a y b e
w h y
s o
s o
e v e r y
t h e
t h a t
b u t
s o
a n d
t h a t
t h e
b u t
a n d
t h i s
a t
a n d
t h e
u s i n g
a n d
t h e
n o w
w e
t h e
n o w
t h i s
a n d
i t
a s
b e f o r e
b e c a u s e
s o
a n d
y o u
a n d
a n d
s o
a n d
b e c a u s e
s o
a n d
a n d
t o
i n f o r m a t i o n
a
b u t
a n d
w e
s o
a n d
a n d
b u t
f o r
t h e
d o e s
< u n k >
< u n k >
t h e r e
s o
a
a n d
i t
i t
< u n k >
i t
b u t
t h e
s o u n d s
s o
t h a t
t h e y
a n d
t h i s
i
t h a t
t h e n
a n d
s o
i
t h e r e
n o w
i
d o e s
a
a n d
y o u
n o w
a n d
t h a t
a n d
n o w
i
s o
a n y o n e
l o n g
t h a t
s o
s o
i t
t h e n
w h a t
y e a h
i t
t h i s
t h a t
a n d
t h i s
t h a t
a n d
n o w
s o
t h e r e
t h e r e
b u t
a n d
b a c k
< u n k >
t h a t
h o w
c a n
a n d
i
y o u
a n d
b u t
w h y
b e c a u s e
y o u
t h a t
b u t
s o
t h e n
s o
i t
t h e
s o
t h i s
i
a n d
b u t
i f
a n d
s o
t h e
a n d
t h a t
t h a t
n o w
t h i s
i t
s o
t h e
< u n k >
i
a n d
a n d
a n d
t h e n
i
i t
< u n k >
i
a n d
b e c a u s e
i n t r i n s i c a l l y
i
t h e
a n d
s o
i
a n d
a n d
< u n k >
e v e r y
o t h e r w i s e
t h e y
t h e y
w e
i f
a n d
b e c a u s e
t h e
w e
w e
i n
a n d
i t
a n d
s o
< u n k >
< u n k >
b u t
t h i s
t h i s
i f
t h a t
a n d
i n
s o
t h a t
w e
a n d
i n
a n d
t h a t
y e s
a
w e
t h i s
t h i s
s o
t h i s
i
b e c a u s e
p e o p l e
y e a h
s o
b e c a u s e
t r a d i t i o n a l l y
a n d
a n d
i n
h e r e
y e a h
t h e
i f
i
t h a t
a n d
t h a t
a n d
y o u
t h e
h a v e
y e s
o n e
t h a t
y e s
n o
l u c k i l y
t h e r e
t h e r e
y o u
t h a t
a n d
e v e r y
a n d
j u s t
t h a t
i s n
s o
i t
b u t
w e
w e
< u n k >
t h e y
e v e n
s o
w e
w e
w e
s o
w e
i n
a n d
t h a t
s o
a l l
y e s
i n
y o u
e v e n
b e c a u s e
t h e y
t h a t
a n d
a n d
s o
w e
n o w
t h e
a n d
t h a t
a n d
i t
i t
t h a t
w e
t h a t
a n d
u n f o r t u n a t e l y
b e c a u s e
a n d
w e
a n d
w e
t h e
b u t
y o u
t h e r e
t h e s e
a n d
b u t
i t
a n d
t h a t
i n
y e s
i m a g i n e
s o
b u t
o r
a
h e r e
i t
b u t
o n e
t h a t
a s k i n g
n o t
i m a g i n e
y e s
i f
w o n d e r f u l
t h a t
e v e r y t h i n g
i f
y e s
t h a t
t h e
w e
n o
a t
b u t
i f
w e
t h e r e
w h e n
b e c a u s e
b u t
s o
n o t
w e
y e s
b u t
w h a t
s u s t a i n a b l e
a n d
t h a t
s o
e v e r y b o d y
a n d
b e c a u s e
i t
y o u
b u t
w e
t h e y
i n
a n d
t h a t
s o
n o t
a
j u s t
t h e
b u t
y e s
f o r
a n d
b e c a u s e
y e s
s o
n o
p o s i t i v e
s o
n o t
i t
t h e s e
e v e r y t h i n g
a n d
a n d
t h a t
h e y
b e c a u s e
a n d
s o
b u t
y e a h
w h a t
t h a t
w e
t e c h n i c a l
t h e r e
t h i s
s o
i f
d o
i f
a l l
i n
t h e r e
i f
y e s
i f
s o
s o
i t
y e a h
y e s
w e
w e
i
m e a n w h i l e
t h e r e
s o
d o
t h a n k
t h e
m u s i c
i n
< u n k >
t h a t
y o u
b u t
a s
y o u
i n
t h e s e
b e c a u s e
t h a t
t o d a y
s o
s o
s o
t h e
s o
t h a t
t h e
s o
t h e r e
t h e
a f t e r
y o u
y o u
y o u
y o u
t h e
h o w
h o w
i
y o u
b u t
t h e
h i s
n o w
i
i
n o w
e v e r y
i t
i t
a s
i
i
a n d
a n d
t h e n
y o u
i t
i t
s o
i
i
s o
s u r e
t h e r e
i t
u n f o r t u n a t e l y
b u t
i
h e
t h a t
a n d
h e
t h i s
b e c a u s e
h e
w e l l
i
e v e r y
o n e
i t
h e
h i s
t h e
n o w
h e
a n d
t o
b e c a u s e
e s p e c i a l l y
w e l l
i
a n d
y o u
y o u
i f
w h e n
a n d
w e l l
< u n k >
i t
t h a t
b u t
a n d
i
i
a n d
t h a t
a
t h i s
i t
p e o p l e
o n e
t h e
o u r
s o
t h e
t h e
y o u
n o
e v e r y
s u r e l y
i
o r
a n d
t h a t
o r
s o
h a v e
o r
b u t
b u t
w e l l
b u t
i
i
b e c a u s e
s o
s o
l i s t e n
w h e t h e r
t e l l
a t
w h y
b e c a u s e
a
t h e
s o
s h e
w h e n
c a n
a n d
a n d
a n d
s o
a n d
n o w
t h e r e
i t
i
i
a n d
n o w
s o
s o
a n d
o r
t h a n k
y o u
w e r e
a n d
d a r l i n g
i
s o
i
i
t h a t
a n d
w h y
a n d
i t
a n d
o u r
y o u
i
t h e
b u t
a n d
s o
i t
h e
n o
y o u
t h e y
t h e y
a n d
s p a n i s h
t h i s
p i c a s s o
i t
a n d
b e c a u s e
t h e
s o
a n d
h e r e
a n d
y o u
o n e
b e h i n d
a n d
b u t
h e r e
w e
w e
a n d
t h e y
t h e
a n d
t h e
n o
a n d
w h y
b e c a u s e
b e c a u s e
s o
w e
s o
o n e
m y
s h e
a
t h e y
a n d
a n d
a n d
y e s
i
s o
a l t h o u g h
t h e y
s u c h
t h e
b u t
t h e r e
h e
a n d
n o
y o u
t h i s
h e r e
s o
i n
b u t
w e
i t
i
a n d
i
t h e
i
w h a t
t h e
i t
a n d
a n d
a n d
a n d
t h a t
s o
s o
a n d
b e c a u s e
< u n k >
n o w
t h i s
h e r e
a n d
i n
t h e
s o
n o w
i
a
t h e
a n d
t h i s
y o u
t h e
i
t h e
i
a n d
i f
t h e
i
b u t
s o
s e c o n d
t h e s e
a n d
i t
b e c a u s e
b u t
s o
a n d
w e
i n
i n
t h a t
t h e r e
t h e
i t
t h i s
a n d
b e c a u s e
h e
s o
< u n k >
t h e r e
s o
a n d
i f
a n d
t h e r e
n o w
t h e s e
a n d
s o
a g a i n
a c t u a l l y
b u t
a n d
d o
a n d
t h e y
s a y
i m m e d i a t e l y
a n d
b e c a u s e
h e
b e c a u s e
b e c a u s e
h e
s o
a n d
i
y e a h
i
s h e
i
a n d
b u t
i
a n d
t h e r e
t h e
t h e
b e c a u s e
b u t
a n d
i
b u t
t h e r e
a n d
a n d
i
w e
i f
i t
a n d
a n d
o n e
a n d
a n d
a n d
o n
y e s
t h e r e
t h e y
a n d
i t
i f
i
s o
w e
s o
b u t
i f
t h e
a s
a n d
t h e
b y
i t
t h e
i t
y o u
a n d
i n
y e a h
w e
a n d
o u r
t h e
a n d
t h a t
a n d
t h a t
t h i s
p e o p l e
t h a t
i f
a n d
i t
t h e y
w e
h o w
a n d
a n d
t h a t
a n d
i t
w e
a n d
w h a t
h a v e
w e
a n d
t h e
t h a t
a n d
l e t
a n d
t h a t
h e r e
t h e
a n d
i t
s h e
a n d
w e
h e r e
a n d
w e
a n d
a n d
s o
y o u
t h e
s o
< u n k >
s o
w e
t h a t
y o u
a n d
s o
i f
a n d
w e
t h a t
a n d
i f
t h e
a n d
i f
a n d
a n d
a n d
w e
< u n k >
y e s
a n d
t h e r e
a n d
a n d
a n d
i t
w e
t h i s
a n d
j u s t
t h e r e
t h e
w e
t h a t
s o
a n d
s o
t h e
t h e n
a n d
a n d
a n d
a n d
t h a n k
a s
s h e
m a n y
n a t h a n i e l
i
i
h e
h e
w e
i
a n d
a n d
h e
i
s o
i
a n d
i t
< u n k >
a n d
a n d
a n d
h e
b y
m u s i c
f o r
b e c a u s e
a n d
i
a n d
a n d
w h a t
t h e
a n d
t h a n k
b r u n o
r o b e r t
r o b e r t
i
s o
i
s o
i t
w h a t
e v e n
s o
i
o n e
& q u o t ;
h e r e
i n
i t
9 0
i t
s o
m a n y
h e
t h i s
n o t
i t
s o
i
t h e
l e t
& q u o t ;
& q u o t ;
a n d
t h i s
& q u o t ;
< u n k >
& q u o t ;
& q u o t ;
& q u o t ;
a n d
s o
i
h e
w e l l
l e t
& q u o t ;
w e l l
i
h e
i
i n
& q u o t ;
i
t h e r e
i
n o
i
n o
t h a t
i t
i
a
i t
h e
h e
s t o p
a n d
w h o
i
l e t
a n d
h e
t h i s
i t
u n t i l
t h e y
t h e y
t h e y
w e l l
a n d
i t
a n d
w h a t
t h e y
t h e y
i n s t e a d
t h e y
t h e y
t h e
i
t h e y
i
h e
o k a y
h e r e
n o w
a n d
i t
i
h e
i
a n d
a n d
i t
a n d
s o
h e
& q u o t ;
b u t
h o w
w e l l
t h e
t h e
t h e r e
t h e
l a t e r
s o
a n d
& q u o t ;
& q u o t ;
t h e y
< u n k >
i
& q u o t ;
& q u o t ;
w e l l
i t
i
h e
h e
t h i s
t h e
t h e
s o
o k a y
a
o h
t h e y
e v e r y
a n d
t h e y
s e r i o u s l y
i
i
d o
h e
h e
i
i t
i
a n d
s h e
i
h e
s h e
s h e
a n d
o k a y
a n d
i t
a n d
t h e
n o t
b e c a u s e
a
y o u
s o
b u t
w e
w e
a n d
h o w
c a n
i
n o
o n e
o n e
n o w
i n
t h a t
w e
t h i s
o u r
n o t
y o u
s o
o r
s o
i t
c a p i t a l
l e t
t h i s
l o o k
b u s i n e s s e s
b e c a u s e
a n d
y o u
t h a n k
i f
s o
s o
i t
a n d
a n d
w e
n o w
a n d
s o
a n d
s o
i t
y o u
w i t h
t h e y
y o u
n o w
i
n o w
s o
n o w
a n d
y o u
i t
s o
w h a t
t h e
i
b u t
s o
i
n o w
t h i s
t h a t
s o
n o w
a n d
s o
y o u
a n d
i
< u n k >
s o
s o
s o
h e r e
a n d
a n d
a n d
i t
r i g h t
w e
w e
w h a t
i f
a n d
a n d
i
i
i n
a n d
a n d
i
i t
a n d
j a c q u e s
a n d
a n d
i
a n d
t h a t
m y
i n
t h e
a n d
n o w
b u t
s o
t h e
i
i
i
b u t
s i n c e
a n d
t h e
u n t i l
a n d
w h e n
t h i s
a s
s o
o f
a t
s o
s o m e t h i n g
w h i c h
t h e
a c c o r d i n g
s o
a n d
a n d
s o
t o g e t h e r
a n d
a n d
s o
t h e
s o
b u t
i
b u t
s o
i
b u t
t h a t
t h a t
b u t
w e
t h i s
a n d
s o u n d s
w e
t h i s
s o
a n d
a n d
w e l l
y o u
a n d
t h a t
i
a n y w a y
a n d
b e c a u s e
a t
s o
a n d
a f t e r
a n d
w e
w e
o u r
n o b o d y
s o
a n d
i
i t
t h i s
t h e
s o
a n d
i t
a n d
a n d
t h e y
t h e y
a n d
a t
a n d
t h a t
b u t
i
w e
s o
o v e r
i
i
b e c a u s e
w h y
t h e s e
w e
a l l
i
n o
y o u
b e c a u s e
a n d
w h e n
t h e r e
s o
s o
s o
v e r y
a
a n d
s o
t h e r e
f o r
s o
w h a t
i
i t
i t
a n d
i
a n d
i t
n a s a
b u t
n o
y o u
a n d
t o d a y
a n d
b u t
< u n k >
t h a t
s o
a n d
t h e
w e l l
i t
t h e
s o
b u t
c o 2
t h e y
n o w
a n d
i
d o n
t h e
s o
i t
t h i s
w e l l
e v e r y
i t
a n d
i t
o n l y
t h i s
s o
t h e r e
n o w
f i r s t
t o d a y
a n d
i f
t h e
i t
t h e s e
i t
i n
h e r e
a n d
w e l l
w e
b e c a u s e
i n
i n
b u t
s o
i t
i f
w h e n
a l m o s t
s o
w e
n o w
t h e
t h e
s o
a n d
u s u a l l y
i n
n o w
i s
i
t h e
f o r
i
s o
a n d
w e l l
w e
i
n o w
l e t
w h a t
t h e r e
w h o
w h o
t h i s
s o
n e x t
i t
a n d
b e c a u s e
s o
t h e
i t
a n d
o n e
t h e s e
a n d
t h e
s o
s o
a n d
a n d
s o
i t
t h i s
i f
n o w
a
w h a t
i n
a n d
i
b i l l
< u n k >
n a t h a n
t h e r e
e v o l u t i o n
t h e
t h i s
b u t
a n d
i n
s o
t h e
y o u
t h a t
h e r e
t h i s
t h a t
a n d
y o u
l e t
h o w
w e l l
m a n y
i t
t h e
s o
t h e
t h a t
t h i s
i f
i t
w e
b u t
t h i s
t h e r e
a l
t h e y
t h e r e
t h i s
a
i f
t h i s
i f
s o
w h a t
w e
i f
t h e y
w e
w e
w e
i t
t h a n k
t h a n k
t h a n k
t h a n k
b i l l
t h e
w h e n
t o
< u n k >
b u t
a n d
a
< u n k >
a n d
s o
b u t
w h e r e
< u n k >
i
t h i s
t h i s
i n
< u n k >
t h i s
a n d
a n d
a n d
s o
s o
< u n k >
i t
i n
y o u
t h e r e
a n d
i f
d o
< u n k >
t h e r e
t h i s
y o u
s o m e
i
< u n k >
< u n k >
n o w
d o
t h e r e
t h e
y o u
a n d
t h e
b u t
a n d
< u n k >
b e l o w
a n d
u n l e s s
i f
i
f o r
a n d
h i s
h e
a n d
t h e
b i l l
< u n k >
a
t h e
t h e
a n d
a n d
i t
s i n c e
n o r m a l l y
t h e y
t h e n
t h e y
a n d
b u t
t h e r e
t h e y
a n d
a n d
a s
w h a t
a n d
t h e y
b u t
a n d
a n d
t h e n
i t
s o u n d
w h a t
< u n k >
a n d
s o
a v e r a g e
w h o
a r c h i t e c t s
p a p e r
a n d
s p e a k i n g
y o u
i t
y o u
b e c a u s e
t h e y
a n d
s o c i a l
i f
n o w
i
s o
w h a t
w h a t
t h i s
i f
s o
w e
w h a t
n o w
s o
t h e y
t h e r e
y o u
t h e
a n d
b e c a u s e
t h e
a n d
a n d
i t
t h e r e
t h e y
t h e r e
a n d
i t
a n d
a n d
t h a n k
d o
a
a n d
a n d
a n d
i
i
i
a n d
i
i
i t
s o
t h i s
t h e r e
m y
m y
m y
s o
b u t
a
t h i n k
a n d
s m a l l p o x
t h e y
t h e y
w e
i n
< u n k >
d o e s
v a c c i n e s
a n d
s o
u n f o r t u n a t e l y
a n d
t h i s
a n d
d r i n k i n g
s o
i
i
i
b u t
a n d
w e
p e o p l e
n o t
a n d
b u t
t h e y
a n d
a b o u t
a n d
i
a n d
s a m e
p e o p l e
s o
b u t
i
w e
b u t
a n d
t h e s e
t h e y
a n d
b u t
w e
w e
w e
o k a y
w e
y o u
c h e r n o b y l
i
t h e r e
a s k
y o u
b u t
a n d
a b o u t
v e r y
s o
s o
t h e
t h e
i t
w e
b u t
t h e
i n
t h i s
i t
w h a t
w e l l
b e c a u s e
h a s
i t
b u t
t h e s e
b u t
a n d
t h e y
a n d
t h i s
h e
n o
t h e
h e
h e
h e
p r e t t y
w e l l
a n d
p a u l
w h e n
h e
a n d
i
t a k e
w e
a n d
a n d
w h a t
a
n o b o d y
s h e
f i n e
w h y
w e
n o w
a n d
a n d
t h a t
w e
d o
< u n k >
i
t h e y
t h e
t h e y
t h i s
i
d a r k
w h y
w e l l
w e
a n d
i t
i t
s o
w e
t h i s
b u t
a n d
n o n e
a n d
t h a t
a n d
b e c a u s e
i f
t h e y
h e
h u n d r e d s
d o n
t h e y
w e l l
t h i s
i t
t h a t
e v e r y t h i n g
y o u
t h e r e
t h e r e
w e
a n d
w e
n o w
y o u
i
w e
w h y
n o w
w e
w e
a n d
y e s
i t
i t
i t
y o u
i t
s h e
i t
y o u
t h i s
& q u o t ;
t h e y
a n d
w e
c a s s a v a
i t
i t
i t
a n d
t h e y
t h a t
a n d
i
b e c a u s e
i t
i t
i t
b e c a u s e
i f
t h e r e
i t
s o
d e f i n i t e l y
s o
w e
w e
w e
i
t h a n k
t h a n k
f o r
i n
a
s o
a n d
i
i
a n d
s o
t h e
i
i
a n d
a n d
a n d
i
a n d
n o t h i n g
< u n k >
n o w
p r o b a b l y
h e
i
i
t h e
s o
a m a z i n g
a n d
s o
a n d
a n d
b u t
o f
a n d
i
t h a t
n o w
a
i
a n d
b u t
a n d
b u t
w h a t
i t
i f
a
i t
o n e
b u t
. . .
a n d
a n d
r i g h t
t h i s
t h i s
s o
a n d
i
i
w e
t h i s
t h i s
t h i s
i
i f
s o
y o u
s o
i
a n d
n o w
a b o u t
b u t
s o
w e l l
i
t h e y
w e l l
w h a t
y e a h
a n d
p e o p l e
l e t
t h i s
t h a t
s o r r y
t h e
o k a y
y e s
i
i
b u t
w e
i
e v e r y b o d y
i
t h e r e
t h e r e
e v e r y b o d y
b u t
a n d
s o
t h e
i t
i
t h e
a n d
a n d
i
t h e r e
n o w
a n d
b u t
w h a t
h e
h e
s h e
w h a t
t h e r e
i t
a n d
o r
t h e s e
w e l l
a n d
w e
o u r
a n d
t h e r e
t h e s e
i
t h e y
a n d
a n d
a n d
i n
b u t
a n d
a n d
t h e
a n d
b u t
a n d
h o w
b e c a u s e
a n d
n o w
f r o m
n o w
t h a t
a n d
w h a t
a n d
i t
s o
n o w
i t
a n d
a n d
i
m o s t
a n d
i t
a n d
s o
t h e
i n
t h i s
f o r
t h e y
a n d
n o w
i t
t h e
w e
a n d
w e
a n d
i
a n d
i
t h i s
a n d
a n d
n o w
n o w
t h e r e
n o w
s o
i m a g i n e
n o w
a n d
w h y
n o w
t h e r e
s o
a n d
a n d
w h a t
a n d
i f
i t
i t
v e r y
a n y o n e
t h e
t h e
s o
a n d
y o u
j u s t
w h a t
w e l l
y o u
i f
s o
w e
w e
w e
t h e r e
s o
t h e
i t
n o w
s o
i f
a n d
w e l l
w e l l
a n d
w e l l
w e
b u t
i t
t h a n k
t h a n k
t h a n k
n o w
i s
d a n i e l
i
a n d
i f
a n d
6 0 , 0 0 0
< u n k >
6 0 , 0 0 0
w e
i
w h a t
i n
t h e
i t
b u t
i f
i s
< u n k >
t h e
p e o p l e
i t
h o w
i t
i n
t h i s
w e l l
t h a n k
t h a n k
i
i
i
c u r r e n t l y
s o m e
m a y b e
b u t
t h r e e
i n
i
s o
n o
w h y
t h i s
h e
t h i s
i f
y o u
i f
t h i s
o h
a
i t
a n d
t h i s
a n d
w e l l
i
i
t h i s
t h i s
w e
a n d
w e
i f
a n d
w e
t h e s e
a n d
w h y
h o w
s o
a n d
s o
b u t
s o
t h e y
b u t
y o u
a n d
w h e r e
w e
a n d
t h e n
t h e y
t h i s
w h e n
i
s o
t h e y
t o d a y
t h a t
i t
b u t
s o
o k
b u t
w e
t h a t
s o
s o
f i r s t
s o
a n d
s o
i t
w e
s o
s o
b e c a u s e
s o
t h i s
a n d
i f
t h e
y o u
w e
s o
h e r e
o k
< u n k >
i t
i
s o
t h e r e
t h e
w e
s o
a s
< u n k >
y o u
t h e
w e
a n d
a n d
p l a y e r s
h e r e
t h e
f i v e
t h e y
t h e y
t h e y
o k
i t
a n d
t h a t
e d w a r d
h i s
a n d
a n d
a n d
n o t
s o
t h e y
s o
i
b u t
w e
m y
t h e r e
s o
a n d
a n d
t h e y
a n d
p e o p l e
i t
s o
a n d
a n d
a n d
l i k e w i s e
w e
w e
b u t
t h a t
a c c o r d i n g
t h e y
t h e y
s h e
t h a t
b u t
s o
a n d
s o
m a y b e
s o
w e
t h i s
t h e y
i
s o
w e
i
w e
w e
w h a t
w e
w e
i
t h i s
t h e
i t
t h e
w e
a n d
n o b o d y
b u t
t h i s
a n d
s o
w e
w h a t
t h i s
t h e
t h e y
b u t
8 , 0 0 0
t h e y
a n d
i f
w e
w e
i
i
i
w h a t
w e
w e l l
w e
i
a n d
w h e n
s o
t h a n k
i
i
i
& q u o t ;
< u n k >
i
o f
b u t
a n d
i
s o
h e r e
i t
i n
b u t
i t
i t
o u r
m a n y
s o
j u s t
w o u l d n
o n e
h e
a n d
i
i
a n d
a n d
a n d
a n d
a n d
t h i s
b u t
o u r
f r o m
s o
h u m a n
t h i s
b u t
a n d
< u n k >
< u n k >
a n d
s o m e t i m e s
a n d
t h e r e
s o
a n d
y o u
a n d
i n
m a y b e
i f
w e
s o
b u t
w e
i t
a n d
i n
i
i t
n o t
s o
a n d
p e r h a p s
w e
w e
m a y b e
< u n k >
i
s o
t h e r e
t h e r e
i
i t
a n d
t h e r e
t h e y
a
i t
a n d
a n d
a n d
a n d
w h e n
o h
a n d
t h i s
t h e
a n d
h e
r e a l l y
a n d
y o u
a n d
s e e
h e
a n d
i
i f
a n d
a n d
s e e
i f
t h e y
t h e
i t
< u n k >
i n
t h e y
s t u d e n t s
a n d
t h e y
a n d
a n d
b u t
a n d
t h e
t h e y
t h e
b u t
i f
i
c o m e
h o w
a s s u m i n g
o r
d o
h o w
o r
w h i c h
w h i c h
c r e a t i v i t y
h o w
p u t
a
t h a t
h o w
a
h o w
a
w h a t
a h
i f
i s
o r
e v o l u t i o n
t h e
n o w
b u t
i s
t h i s
i n
t h e
w e
i n
s o m e
w e
i t
s o
t h i s
a n d
m a y b e
i
o u r
i t
a n d
i t
b u t
t h e y
b u t
a r e
o r
n o w
i n
w e
t h i s
n o w
i
i
b u t
s o
a n d
i n
n o w
i
a n d
h e
t h e r e
s h e
& q u o t ;
i
i
i
i
i
e v o l u t i o n
a n d
i
i
e v o l u t i o n
i t
e v o l u t i o n
i t
a t
s o
t h e
w e
a n d
a n d
a n d
a
a n d
a n d
b u t
i
n o w
h o w
l e t
t h e y
i t
s o
w h a t
w o u l d
i f
t h e
i t
i n
t o d a y
i t
a
a
t h e s e
t h e
w h e t h e r
c a n
t h i s
s o
y o u
w h a t
w h o
a n d
w h y
w h y
w h y
t h e s e
a n d
w e
t h e s e
d o
o r
a r e
t h e s e
a n d
i n
t h a n k
i
w e
t h e y
t h i s
b u t
i t
n o w
o f
s o
s o
s o l d i e r
h i s
i t
w e
s o
n o w
t h e r e
t h a t
a n d
w e
b u t
a n d
a n d
s o
n o w
t h a n k
a s
i t
h i s
h e r e
i
i n
n o t
a n d
h e
< u n k >
b u t
t h a n k
a s
i t
t h a n k
h o m e
i f
n o w
i
i
b u t
w h e n
i t
t h e
t h e
t h e r e
w e l l
t h e
h e
y o u
i
w e l l
i
i
w e
a
o n e
a n d
a n d
t h e y
s o
d o n
i f
y o u
b e
n o t
s o
t h a n k
b r u n o
t h a n k
i
a
a n d
l a d i e s
t h i s
b o n o b o s
t h a t
w e l l
b u t
b u t
w h e r e a s
t h e y
b u t
t h e y
c o n g o
i t
< u n k >
a n d
w h o
w e
i
b o n o b o s
p l a y
f o r
a n d
a n d
a n d
p l a y
n o w
i
s o
l o o k
t h i s
i
y e a h
s o
a n d
b u t
p l a y
a n d
i
a n d
t h i s
b u t
t h e
i n
t o
b u t
p l a y
i t
f o r
n o w
a n d
t h a n k
i
s o
n o w
n o w
a n d
a n d
t h e y
w e
m o s t
i
i
t h e
i n
s o
i
a n d
a n d
< u n k >
i
i n
a n d
b u t
a n d
s o
a s
w h e n
s h e
b u t
a n d
a n d
w o m e n
i t
a n d
m o s t
w e
t h e
s o
a n o t h e r
h e
h e
a n d
a n d
a n d
o k a y
s o m e
w e
s o
t h e
i n
t h e
s o
s o
s o
a n d
s o
a n d
n o w
w h e r e
a n d
a n d
w e
s o
a n d
i t
w e
w e
w h a t
w h i l e
w e
o n e
w e
w e
o u r
t h e y
i f
b u t
a n d
n o w
i
a n d
a n d
s o
i
i
i t
t h e
w h a t
a s
t h e
t h e y
t h e y
a n d
i t
n o w
d e m o c r a c y
i f
a n d
i t
a n d
t h e y
t h e y
a n d
a n d
t h e y
s o
f o r
a n d
n e x t
w e
a g a i n
w e
o f
w e l l
i
i
i
s o
b u t
s o
w e
l e t
< u n k >
b e c a u s e
i n
w e
< u n k >
m a r i a
b a b i e s
s o
a n d
i
s o
i t
b u t
s o
n o w
b u t
i f
h e
a n d
b u t
h o w
i
i
s o
i t
a n d
d o
i
w h a t
i n
w e
a n d
i
b u t
i
t h e
s o
w e l l
a n d
a n d
f o r
a n d
w h a t
a n d
y e a r s
h e
a n d
i t
b u t
t h i s
s o
a n d
s o
t h a n k
i
b u t
i
b u t
i
o o h
< u n k >
i
i
i s
a m
i s
i f
i
i
s o
i
f o r
i
a n d
a n d
d o e s
w h i l e
l e t
i
y o u
y o u
t h i s
m o n d a y
i t
i f
< u n k >
i
j u s t
i f
w e d n e s d a y
s o m e t i m e s
i
t h u r s d a y
i f
a n d
i
b u t
a n d
i f
s o
w e
t h a n k
f r i d a y
a n d
i t
o b v i o u s l y
s o
b e c a u s e
i
t h a n k
t h a n k
g o o d
i
t h i n k
t h i s
l e t
n o w
s o m e
a n d
n o w
t h i s
a n d
w h a t
o u r
t h e y
a n d
i f
i
t h e y
s o
b e y o n d
t h i s
i t
w e l l
i n
a n d
i n
y o u
w e l l
i
l e t
n o w
i t
a n d
t h e
i t
s o m e
a n d
n o w
h e r e
y o u
o n
y o u
i t
t h e
f r a n c e
< u n k >
s e c o n d
f i r s t
< u n k >
c l o s e
n o w
t h e y
t h e
a n d
y o u
n o w
a n o t h e r
w e l l
t h i s
b u t
s o
s o
t h e n
h e r e
f r o m
a f t e r
w i t h
w e
t h e
b u t
b u t
a n d
a n d
s o
m y
a n d
a n d
a n d
a n d
i t
w h e n
a n d
w e l l
i t
a n d
w e
t h e
t h e r e
t h e
a n d
o r
n o
h e r e
y o u
a n d
n o w
b u t
a l l
n o
a n d
b u t
a n d
h e r e
a n d
i m a g i n e
i m a g i n e
h e r e
i m a g i n e
y o u
y o u
o r
t h e y
i m a g i n e
b u t
h e r e
i f
i m a g i n e
i t
i
w e
t h i s
o n
i t
s o
y o u
b u t
a n d
i
i t
i t
t h e
i m a g i n e
i
a n d
n o w
t h i s
t h a t
b u t
s o
t h e
a n d
i t
a n d
y o u
s o
y o u
a n d
t h a n k
a s
b y
t h e
i
m y
t h e
i n
e a c h
t h e y
s o m e
i f
b u t
a s
d u r i n g
i
i t
p a r t
a n d
t h e
v e r y
h e r e
o n
t h a t
p l e a s e
y o u
t h i s
i t
a n d
a n d
t h a n k
m y
b u t
h i s
< u n k >
t h e n
a n d
< u n k >
h e
i
i
s o
i
w h a t
a n d
i
a n d
o r d i n a r y
a n d
d i d
t h i s
i
s o
i
b e c a u s e
s o
i
s o
t h e y
i t
b u t
s o
s o
a n d
o n e
t h a t
a n d
a n d
m y
m a n y
b u t
i t
t h i s
w e
s o
n o
n o t
n o w
t h a n k
t h a n k
s o
i
s o
a n d
a n d
w e
w e
a n d
s o
a t
i
i s n
t h a t
t h a t
a n d
i t
a n d
s o
s i n c e
w e
t h i n k
i t
s o
a r m s t r o n g
t h e
a n d
< u n k >
s o
e v e r y t h i n g
m a k e
i
a n d
t h a n k
s o
a n d
y o u
t o d a y
w e l l
y o u
t h i s
o n e
i t
m y
i
t h e y
a n d
s h e
a n d
i
a b o u t
i
p l e a s e
a n d
w e l l
w e
w e
i t
a n d
w h a t
t h e
s h e
a n d
h e
h e
t h a n k
i m a g i n e
i m a g i n e
i m a g i n e
t h a t
n o w
i
s o
t h e
y o u
t w o
t h e
t h a t
h e
i m a g i n e
a n d
h e
i
i
i
i
w e
w h i l e
b e c a u s e
i
a n d
t h e
i
i n
b u t
a n d
a n d
a n d
i t
i
i t
i
t h e
y o u
i
i
a s
a l m o s t
b u t
i
a n d
i
a b o u t
. . .
a n d
a n d
i
m o r e
i
i
m y
w h a t
h o w
a n d
t h a n k
t h e
w e
t h e
t h e
n o w
t h e s e
b u t
a n d
s o
t h e
t h i s
i
w h e n
t h e
a n d
a n d
a n d
< u n k >
t h a t
a n d
c o m p l e t e l y
t h e
a n d
s o
i t
s o
s o
a n d
t h e y
p r o b a b l y
s o
a n d
i t
t h i s
w e
l o o k s
a n d
s o
a n d
s o
s o
w e l l
i t
s o
a n d
a n d
s o
t h e
a n d
a n d
t h e
s o
i
s o
a n d
t h e s e
a n d
i t
s o
a n d
n o w
t h e s e
a n d
a n y w a y
t h e
s o
i t
s o
h e r e
d o w n
n o w
a n d
s o
t h a t
t h e
i n
t h e
w e
s o
o f
s o
a n d
t h e
a n d
t h i s
b u t
a n d
t h i n k
h e
s o
i t
a n d
y o u
i t
a n d
t h a t
u n f o r t u n a t e l y
t h e y
a l l
w e
t h a n k
i
r a l p h
i s
o k a y
y e a h
i
s o
t h e r e
b e c a u s e
t h a n k
i
i
i
i
a n d
i n
s o
s o m e
i
s o
s o
b u t
d o
a
t h i s
s o
i f
b u t
a s
y o u
w h a t
a n d
s o
n o w
t h e s e
a n d
i
t h a t
i t
b u t
s o
t h e
s o
a n d
t h e
y o u
s o
a n d
y o u
i
d o
h o w
1 . 5
i
a n d
w h a t
a n d
b u t
j k
s o
s o
i
o k a y
f a n t a s t i c
w e
y e a h
i f
t h e r e
s o
i
i t
a n d
n o
i
t h e y
a n d
e s p e c i a l l y
n o
b u t
i n
t h a t
t h a t
b u t
s e e
i
t h a t
y o u
o u r
b u t
b u t
i t
a n d
w h a t
a
t h i s
s o
w e
s e e
t h e r e
s o
b u t
s o
i
a n d
a n d
a n d
s o
w h e n e v e r
a n d
a r e
i
m a y b e
a n d
e i t h e r
w e
t h i s
n o w
w e
a s
s o
s o
s o
t e x t i n g
t h a t
< u n k >
t e c h n o l o g y
w e
i
i t
h o w
t h e s e
a n d
w h a t
i
t h e y
h o w
h m m m
i
i
< u n k >
a l l
u n i q u e
i
i
b u t
i f
m a n
s h e
m a n
i
s o
t h i s
m a n
m a n
d o e s
a t t o r n e y
i
w e l l
a n d
i
a n d
t h e y
i f
y o u
i
t e l l
t h e s e
t e l l
< u n k >
a l l
w h a t
n e x t
w h a t
i t
i
i
t e l l
w h a t
w h y
t e l l
a
w h i c h
d o e s
< u n k >
t h a n k
y e a h
y e a h
t h e r e
t h e
s o
a n d
a n d
m a n y
w h i c h
t h e
a n d
w e l l
a
i f
a r e
o r
a r e
< u n k >
o r
a r e
a r e
a r e
i n
t h e y
b u t
t h e y
w e
t h r o u g h o u t
a n d
a n d
a n d
b e c a u s e
i
i
a n d
w e l l
a n d
i t
t h i s
t h e
t h e r e
h e
w e l l
a n d
s o m e t h i n g
i
i
i
w e
e v e n t u a l l y
w e
w e l c o m e
s o
a n d
n o w
a n d
b i g
< u n k >
t h a n k
w e l l
t h a t
i
m y
i
a n d
a
b u t
t h e r e
i
i
i
a n d
a n d
w e
i
s o
y o u
t h e r e
i
y o u
< u n k >
i t
y o u
y o u
o p e n
y o u
f u r t h e r
w i t n e s s
t h a n k
s o
i
i f
s o
t h i s
t h o s e
t h i s
t h i s
a n d
s o
y o u
y o u
i
b u t
a n d
a n d
i
i
s e e m e d
i
t o
j u s t
h e r e
t h e
l e t
a n o t h e r
i n
b u t
a n d
y o u
i
t h i s
n o w
t h e r e
i t
e v e r y
y o u
j u s t
t h i s
y o u
i
t h e y
i
t h e y
a n d
i
a n d
t h e
i t
t h a t
t h a n k
t h i s
t h i s
i f
f o r
t h i s
n o w
s o m e
i t
t h e y
a n d
b u t
h o w
s o
b a s i c a l l y
s o
i
i
h e
b u t
a n d
i t
a n d
a n d
t h i s
b u t
i t
w e l l
a n d
i
b u t
b e c a u s e
i
s o
s o
i
t h i s
s o
a n d
t h i s
t h i s
h e r e
a n d
s o
s o
i
f o r
t h i s
n o w
y o u
i
q u a n t u m
t h e
a n d
a n d
w e
s o
w e
i n s t e a d
w e
s o
w h a t
l e t
s o
j u s t
t h e
t h a t
i
r e a l l y
a n d
s o
i
s o
h o w
t h e r e
a n d
a n d
y o u
n o w
t h e r e
i t
t h a n k
i n
i t
s o
t h e r e
b u t
s o
n o w
b u t
i m a g i n e
t h e y
b u t
s o
b u t
s o
i
s h e
a t
i n
i n
h e
i n
b y
t h e
w e
i n
t h e
t h e
a n d
s o
i
a n d
b u t
s o
s o
i
s o
t h i s
a n d
s o
t h a t
p l e a s e
t h e
t h e
i
s o
a n d
t h e r e
a n d
t h e
a n d
w e
t h i s
i t
a n d
i n
a l l
t o
t h e
s o
o n e
t h i s
e v e r y t h i n g
t h e
i t
s o
t h e y
i t
a n d
i t
t h e y
o n e
t h e r e
a r o u n d
t h e r e
m a n y
u n f o r t u n a t e l y
s o
o r
s o
t h i s
m y
d o
d o
i
a n d
a n d
a n d
e a c h
f i f t y
o n l y
t h i n k
d o
h o w
t o d a y
i
n o w
i f
s o
t h a n k
w h e n
i t
t h i s
t h e y
i
h e r e
t h e y
s o
a n d
w e
h e r e
t h e y
w e
w e
i t
a n d
n o w
f r o m
f r o m
n o w
n o w
w e
s o
i
a n d
a n d
s o
a n d
i f
i n
n o w
s o
t h e
n o n e
n o w
t h e y
t h e y
t h e y
t h e
s o
f i r s t
t h e y
p e o p l e
t h e y
b u t
a s
w h e n
y o u
a
b u t
n o w
e v e r y
o n e
y o u
i t
a n d
a n d
n o w
a n d
h e r e
a n d
a n d
o k a y
a r e
o k a y
y o u
w e l l
i
a l l
t h e
b e c a u s e
w h a t
i t
w h y
b e c a u s e
a n d
s o
a n d
t h e
i n
t h e
w e
h e r e
i t
b u t
i f
b e c a u s e
h e r e
o n e
i f
o k a y
i f
o k a y
w e l l
t h e
t h i s
t h e
a n d
w h o
m y
i t
w e
i
l e t
h e r e
t h e y
n o w
< u n k >
e n g i n e s
s o
h a l f
t h e
w h a t
h o w
i f
w h a t
w e
g o
i t
t h e
w h e n
e v e n
t h e r e
l e t
i
e v e r y
b e c a u s e
a n d
t h a n k
h i
t h a t
t o d a y
w e
b u t
e v e r y
b u t
i t
s o
t h r e e
w e l l
o h
o h
< u n k >
< u n k >
l a s t
2 0 1 0
t h i s
i n
h e
b e c a u s e
h e
a n d
w h a t
t h e r e
j i m m y
b e c a u s e
s o
r e b e c c a
i t
t h i s
j u s t
w h a t
w e l l
i f
b u t
w e l l
m i c h a e l
w h a t
t h e n
n o w
a l r e a d y
u n l i k e
& q u o t ;
i t
t h i s
a n d
e v e n
c a t s
i t
t h e r e
s o m e b o d y
a n d
a
t o d a y
w h o
w h o
w h a t
i n
i
i
a n d
t h i s
a n d
w h a t
< u n k >
w h a t
< u n k >
a s
n o
a n d
a n d
t h a n k
h o w
t h e
i t
i
s o
h e
i f
t h e
h e
h e
h e
i
b u t
m y
i
t h e
m y
a n d
i t
a f t e r
a l l
t h e
a s
i f
m y
i
b u t
n o
a f t e r
a n d
w e
u n l i k e
t h e
a n d
m y
i t
w e
e v e r y
t w o
o n e
a n d
a f t e r
s o m e t h i n g
t h e r e
m y
m y
m y
a n d
s h e
a n d
a p p a r e n t l y
i n
i
i n
i n
b u t
a n d
a n d
< u n k >
i
i
i
i
i
i
s h e
n o
& q u o t ;
s o
a n d
i
a n d
t h e r e
a n d
b e c a u s e
i
o p p o r t u n i t i e s
t h e r e
s o
i
a
a t
w e
m o s t
i
s o
m y
t h r e e
b e f o r e
t h e y
l i f e
h e r
h e r
w i t h
w i t h o u t
& q u o t ;
i
i
i
m y
a
w e
a n d
m y
s h e
& q u o t ;
& q u o t ;
i f
a n d
t h e
n o w
w h o
y e a h
c a n
i
b u t
a n d
i
i s
b e c a u s e
b u t
i
a n d
s o
i
s o
p i c t u r e s
b u t
a n d
o r
w h e n
b e c a u s e
s o
s o
b u t
i s
i s
w h a t
s o m e t i m e s
b u t
i t
s o
i
a n d
w e
b u t
b u t
s o
a n d
i t
s o
b u t
s o
a s
b u t
s o
s e c o n d l y
a n d
t h i r d
i t
s o
h e r e
y o u
t h i s
i
b u t
a n d
f o r
t h e
t h e
a n d
t o
i
t h e n
a n d
a n d
s o
t h a n k
i
a n d
a n d
a n d
h o w
a n d
t h i s
s h e
a n d
a n d
i
i t
a n d
b u t
m a y b e
s o
b u t
i t
n o w
i t
a n d
a t
d o
a n d
a n d
w e
m a y b e
w e
w e
a n d
b u t
w e
n o
s o
w e
a n d
n e x t
a n d
w e
a n d
a n d
a n d
a n d
a n d
t h e
t h i s
p l e a s e
t h a n k
t o d a y
i
a n d
. . .
h e r e
o h
i t
n o w
n o
t h a t
o k a y
< u n k >
o h
o k a y
s o
t h e
w e
i n s t e a d
a n d
b u t
s o
a l
h e r e
h o w
w e
t h e y
a n d
b u t
s o
i t
y o u
i f
i f
s o
t h i s
i t
b u t
t h e y
t h e r e
i t
s o
a n d
a n d
w e
a n d
i f
t h e
w e
i t
w e
a n d
t h e r e
a n d
s o
s h e
a n d
a n d
a n d
b u t
a n d
n o w
i t
t h e y
t h e y
a n d
a n d
t o d a y
a n d
t h e
a n d
i
a n d
n o w
t h i s
a n d
i f
s o
h e
a n d
a n d
a n d
b u t
i n
i t
w e
t h i s
o n e
h o w
b u t
s c o t t
b u t
a n d
a n d
< u n k >
a n d
g o o d
p r e t t y
t h i s
a n d
b u t
a n d
i
a
t h e y
a n d
i f
l e t
o n e
a n d
t h e
h o w
t h i s
a n d
a n d
b u t
p e o p l e
i f
b e c a u s e
w e
s o
d i d
i t
i t
n o w
y o u
d o
a
t h e
a n d
n o w
t h i s
t h e y
y o u
s o
t h e y
t h e y
a n d
t h i s
a n d
b u t
w e
a n d
s o
t h a n k
u s u a l l y
i
i f
t h i s
i
t h i s
a n d
i n
a n d
s o m e t h i n g
t h i s
s o
s o m e t h i n g
n o w
s o
s o
a n d
n o w
b u t
s o
b u t
a n d
s o
i t
t h e r e
e i t h e r
t h a t
w e l l
i t
w e
s o
w h a t
b e c a u s e
w h e n
n o w
w e
s o
i
t h e
a n d
s o
s o
b e c a u s e
a n d
i
s o
n o w
i
s o m e
e v e r y b o d y
t h e s e
b u t
a n d
s o
i n
s o
s o
i n
t h e y
i n
a n d
i n
a n d
w e
a n d
a n d
s o
i
s o
t h e
a n d
b u t
i
a n d
s o m e
t h i s
s o
t h e
a n d
a t
i n d e e d
w e
y o u r
s o
n e x t
t h e
a n d
a n d
s o
t h e y
a n d
t h i s
b e c a u s e
s o
a n d
s o
i t
w h a t
f o r
i t
i
i
s o
s o
a n d
w e
t h e
< u n k >
a n d
n o w
y o u
s o
t h e
t h e
t h e n
a n d
t h e
t h e
a n d
w e
i
m y
i
i t
w h a t
a n d
o n e
a n d
t o
w e
n o w
s o
l e t
s o
o f
b u t
n o w
a n d
n o w
a n d
t a k e
s o
t e l l
< u n k >
m a y b e
a n d
a l l
a n d
a n d
t h e
i f
i
t h e y
b u t
i
b e c a u s e
i
t h e r e
w e
s o
h e
a n d
s o
w e
s o
i t
b e c a u s e
w e
w e
s o
w e
b u t
i
a n d
n o w
m y
i
w e
w h e n
n o w
a t
n o w
w e
i t
i
i t
i
w h e n
t h i s
s h e
i
t h e y
a n d
a n d
w h e n
i t
i t
i t
i t
b u t
i
h e r e
a n d
a n d
a n d
t h e
i
i
i
s o
a n d
a n o t h e r
a n d
a n d
< u n k >
t h i s
t h e y
i
a n d
t h i s
w e
t h e
a n d
a
f o r
b u t
i n
a s
s o m e h o w
t h i s
i n
s o
a
a
s o
t h e r e
n e x t
a t
y o u
w e
w e
w e
t h a n k
t h i s
i
i
h e r e
i n
y o u
a n d
i
w e
i
a s
a n d
i
i
i
s h e
s h e
s h e
s h e
t h e i r
s h e
m y
i f
a n d
o n e
a n d
s h e
t h e
m y
s o m e t i m e s
m y
i
m y
i
i
i t
i
i
a n d
i
s h e
a n d
s h e
s h e
i
t h e n
i
s h e
s h e
i
t h e n
i
a n d
n o w
i
w h e n
w e
t h e n
i
m y
i
i
m y
h e
t h e n
i
h e
i
i
i
t h i s
i
i
i f
w e
o f
m y
m y
a n d
i
t h i s
i n
t o d a y
t h e
s e v e n
i
i n
o n e
i n
o u r
w e
w e a l t h
a n d
a
w e
i
t h e r e
m y
a n d
w e
t h e
i
m a n y
u n i t e d
i n
w e
t h e
i
t h e
w e
t h i s
b u t
t h e
i
t h e
o n
a
i
w e
b u t
i t
i t
i t
i
i
a n d
i
w e
b u t
i n
o r
i t
i
t h e y
a n d
a n d
w e
a n d
w e
w e
i t
i n
e v e n
i
i t
h e
a n d
i t
i t
i
i t
i t
i t
a n d
a n d
i
i f
w e
w e
w e
b u t
i
b e c a u s e
f o r
b u t
w e
w e
i n n o v a t i o n
t h e y
i t
< u n k >
& q u o t ;
t h i s
t h e r e
i
i t
a s
h e
s o
o c c a s i o n a l l y
a r e
a n d
s h e
i
a n d
i t
o n e
w h a t
i
i
p e o p l e
w e
w e
w e
w e
w e
i
s h e
t h e n
a n d
w e
b e c a u s e
i n
i
w e
i
i f
i f
e v e n
a n d
i
i
i
a n d
a n d
b e c a u s e
a n d
s o m e t i m e s
i
s o m e t i m e s
i
i
s o
h o w
t h e
o n e
r i g h t
y o u
a n d
i
a n d
i n
t h e r e
i
a n d
a
b u t
i
s o
a n d
e v e n t u a l l y
w h e n
a n d
i
h e
t h e n
h e
a n d
i t
w e l l
a n d
h e
i
t h e y
i
< u n k >
i n
i
h e
h e
a f t e r
1 0
d u r i n g
t h i s
h e
t h e
i
w e
o u r
w e
a n d
t h e y
w h a t
< u n k >
i f
h e r e
a n d
s e x
t h e r e
t h i s
i
d u r i n g
t h i s
w h a t
w e l l
m o s t
i t
s o
w e
n o w
i
a n d
i
< u n k >
t h e y
t h a n k
y e s
t w o
f i v e
t h e y
< u n k >
d i f f e r e n t
r e c e s s i o n
c r i s i s
o h
s o
t h e
a n d
e v e r y
a n d
s o
i t
s o
a n d
n o w
i t
b u t
i t
p e r h a p s
n o w
a n d
s o
o v e r
c h i l d
s o
s t e v e
a n d
w e
a n d
a n d
i n
t h i n k
t h e
t h e
m y
t h a t
n o w
t h i s
n o t i c e
o n e
t h a t
t h e y
i n
s o
a n d
& q u o t ;
h o w
t h a t
i
i
& q u o t ;
i t
i m a g i n e
f o u r
w e
a n d
t h i n k
t h i r t y
t o d a y
i f
i t
s o
h e r e
t h i s
h e
h e
< u n k >
t h e
w h a t
t h i s
e v e n
i t
b u t
t h e n
w e
l a d i e s
1 6
i t
a n d
i n
t h e
l a s t
a n d
l e t
r e m e m b e r
h e
& q u o t ;
b e c a u s e
w e
y e s
a n d
i t
a n d
i t
t h e
a n d
t h i s
a n d
o h
r e m e m b e r
a n d
t h e y
a n d
a n d
l a s t
w e
a n d
i m a g i n e
i f
b u t
i
t h e
w e
a n d
i n
b y
t h r e e
w h a t
w h a t
a n d
t h e s e
a n d
s o
i t
h o w
w h a t
h o w
o n e
i
t h e r e
i t
i t
a n d
w e
a n d
s o
a n d
a n d
a n d
a n d
l a d i e s
w e
w e
w e
a n d
w e
t h a n k
i
a n d
a n d
b u t
h e y
w e
w e
b a s e b a l l
a n d
s o
i
i t
w e
t h a t
t h i s
t h r e e
d o
a l l
d o
t h a t
< u n k >
l e t
i m a g i n e
i t
i m a g i n e
b u t
s h e
a n d
s o m e h o w
b u t
w h a t
< u n k >
t h e
w h a t
n e v e r
a n d
i
i n
a n d
a n d
i
i n
i
a n d
a n d
a n d
a n d
i
a t
a n d
a n d
i
a n d
a n d
t h i s
a n d
i
i
i
a n d
i
a n d
i n
i
i
a n d
m a y b e
m a y b e
m a y b e
m y
s o
i n
a n d
i
s o
a n d
t h e
b u t
a n d
i
a n d
o t h e r
t h e
& q u o t ;
a n d
s o
s o
s h e
a b o u t
s h e
t h e
t h e y
s h e
i
a n d
a n d
s h e
t h e i r
a n d
o n
y o u
a n d
t h e
y o u
i f
t h i s
s o
i t
a n d
a n d
h e
b u t
w h y
a n d
w h y
s l o w l y
i
a n d
a n d
a n d
a n d
a n d
t w o
i t
h e
i
a n d
a n d
t w o
a n d
& q u o t ;
i t
h e
y o u
a n d
h e
a n d
i n
t h e r e
i n
i
i
t h e
i
a n d
t h e y
b o t h
a n d
s o m e
i n
a n d
h o w
i f
w h e n
o h
i f
a n d
t h a t
i t
i t
i t
a n d
b u t
i n
a n d
w e
i n
i n
b o t h
a n d
i n
< u n k >
w e
w e
t h e n
i
i
a n d
a l l
s o
a n d
i n
a n d
t h e y
t h e y
w h a t
w h a t
a n d
t h e
t h e y
t h e y
a n d
a n d
s o
m y
i
i
b u t
i
l e t
i
i t
a n d
t h e
y o u
y o u
i n
h e
i t
u n t i l
n o w
t h i s
y e t
w e
t h e
w h a t
t h e
b e c a u s e
i
i
a n d
i t
a n d
t h e r e
t h e
w h e n
a d u l t s
t h e y
t h e y
p e o p l e
a n d
s o
m y
i n
< u n k >
i
w e
i
9 0
t h e
e s s e n t i a l l y
t h e s e
w i t h i n
t h e
t h i s
t h e y
w e
s h e
t h e n
i n
i t
w e
w e
i f
o n
i t
e v e r y
a n d
b u t
i t
a n d
t h a t
w e
n o w
b e c a u s e
s o
y o u
a n d
s o
t h e y
t h e r e
t h e
w e l l
o f
t h e y
t h e r e
s o
t h i s
b e c a u s e
w e
s o
w h a t
h e r e
t h i s
l o n g
a n d
i f
b e c a u s e
s o
t h a n k
i n
a n d
t h e
s o
a n d
i n
b u t
t h i s
a n d
a n d
a n d
l e t
w e
t h e r e
f o r
a n d
t h e s e
t h e y
t h e r e
t h i s
t h i s
s t e p h e n
< u n k >
t h e s e
t h e s e
t h e
m r .
a n d
a n d
i n
t h e
t h e y
g r o u p s
s o
t h e r e
i t
< u n k >
l a s t
s o m e b o d y
a n d
a n d
n o w
< u n k >
t h e y
w h a t
w e l l
n o w
b u t
< u n k >
a n d
h o w
n o w
i n
a n d
t h e y
t h e
s o
b u t
f o r
i f
b u t
t h e y
t h e y
s o
i
i
a n d
p r i v a c y
p r i v a c y
i t
i t
a n d
a n d
t h e s e
i t
t h e
< u n k >
t h e y
e s s e n t i a l l y
a l m o s t
i t
a n d
i t
t h e y
l e g o
l e g o
i n
t h e
l i k e
b u t
i
e i g h t
a
l e t
< u n k >
t h e y
a n d
s o
t h e
g r e e n
s o
a n d
y o u
t a k e
a d d
i
b e y o n d
i n s t e a d
s o
t h e
w e
s o
w e
a n d
t h e
l i k e
w e
s o
h e r e
a
h e r e
b u t
i t
f o r
a n d
s o
y o u
w e
s o
t h a n k
